// Jest Snapshot v1, https://goo.gl/fbAQLP

exports[`App component should render App component 1`] = `
<div
  className="App"
>
  <Component
    key="navigation"
  />
  <Component
    key="main"
  />
</div>
`;
